2025-10-21 15:36:37, MOVE, v:1, k:poo@motouber, mode:DOWN
2025-10-21 15:36:54, MOVE, v:1, k:poo@motouber, mode:PICK
2025-10-21 15:36:58, EXEC, v:1, k:poo@motouber, mode:FULL, rate:0, size:0
2025-10-21 15:38:58, MOVE, v:1, k:poo@motouber, mode:BACK
2025-10-21 15:39:03, MOVE, v:1, k:poo@relogio, mode:PICK
2025-10-21 15:39:07, EXEC, v:1, k:poo@relogio, mode:FULL, rate:100
2025-10-21 16:19:06, EXEC, v:1, k:poo@relogio, mode:FULL, rate:53, size:98
2025-10-21 16:20:18, EXEC, v:1, k:poo@relogio, mode:FULL, rate:100, size:98
2025-10-21 16:20:32, EXEC, v:1, k:poo@relogio, mode:FULL, rate:100, size:98
2025-10-21 16:21:54, MOVE, v:1, k:poo@relogio, mode:BACK
2025-10-21 16:23:58, MOVE, v:1, k:poo@motouber, mode:PICK
2025-10-21 16:24:00, EXEC, v:1, k:poo@motouber, mode:FULL, rate:0, size:27
2025-10-21 16:24:00, MOVE, v:1, k:poo@motouber, mode:BACK
2025-10-21 16:33:35, MOVE, v:1, k:poo@motouber, mode:PICK
2025-10-21 16:33:38, EXEC, v:1, k:poo@motouber, mode:FULL, rate:0, size:40
2025-10-21 16:35:06, EXEC, v:1, k:poo@motouber, mode:FULL, rate:0, size:43
2025-10-21 16:35:31, EXEC, v:1, k:poo@motouber, mode:FULL, rate:12, size:45
2025-10-21 16:43:43, MOVE, v:1, k:poo@motouber, mode:BACK
2025-10-21 16:43:46, MOVE, v:1, k:poo@motoca, mode:PICK
2025-10-21 16:43:49, EXEC, v:1, k:poo@motoca, mode:FULL, rate:60, size:103
2025-10-21 16:45:25, EXEC, v:1, k:poo@motoca, mode:FULL, rate:100, size:103
2025-10-21 16:45:32, MOVE, v:1, k:poo@motoca, mode:BACK
2025-10-21 16:45:33, MOVE, v:1, k:poo@motouber, mode:PICK
2025-10-21 16:45:36, EXEC, v:1, k:poo@motouber, mode:FULL, rate:12
2025-10-21 16:50:07, EXEC, v:1, k:poo@motouber, mode:FULL, rate:12, size:54
2025-10-21 16:51:04, EXEC, v:1, k:poo@motouber, mode:FULL, rate:12, size:56
2025-10-21 16:51:17, EXEC, v:1, k:poo@motouber, mode:FULL, rate:12, size:57
2025-10-21 16:52:45, EXEC, v:1, k:poo@motouber, mode:FULL, rate:12, size:57
2025-10-21 16:53:27, EXEC, v:1, k:poo@motouber, mode:FULL, rate:12, size:57
2025-10-21 16:55:23, EXEC, v:1, k:poo@motouber, mode:FULL, rate:12, size:60
2025-10-21 16:55:48, EXEC, v:1, k:poo@motouber, mode:FULL, rate:12, size:57
2025-10-21 16:56:04, EXEC, v:1, k:poo@motouber, mode:FULL, rate:0, size:57
2025-10-21 16:56:14, EXEC, v:1, k:poo@motouber, mode:FULL, rate:12, size:57
2025-10-21 16:56:24, EXEC, v:1, k:poo@motouber, mode:FULL, rate:25, size:57
2025-10-21 16:59:05, EXEC, v:1, k:poo@motouber, mode:FULL, rate:25, size:66
2025-10-21 16:59:17, EXEC, v:1, k:poo@motouber, mode:FULL, rate:25, size:66
2025-10-21 16:59:59, EXEC, v:1, k:poo@motouber, mode:FULL, rate:50, size:69
2025-10-21 17:03:05, EXEC, v:1, k:poo@motouber, mode:FULL, rate:62, size:75
