2025-10-26 00:00:07, EXEC, v:1, k:poo@grafite, mode:FULL, rate:10
2025-10-26 00:00:47, EXEC, v:1, k:poo@grafite, mode:FULL, rate:10, size:83
2025-10-26 00:01:45, EXEC, v:1, k:poo@grafite, mode:FULL, rate:10, size:85
2025-10-26 00:02:24, EXEC, v:1, k:poo@grafite, mode:FULL, rate:10, size:85
2025-10-26 00:02:58, EXEC, v:1, k:poo@grafite, mode:FULL, rate:10, size:85
2025-10-26 00:05:16, EXEC, v:1, k:poo@grafite, mode:FULL, rate:10, size:85
2025-10-26 00:06:23, EXEC, v:1, k:poo@grafite, mode:FULL, rate:10, size:85
2025-10-26 00:07:15, EXEC, v:1, k:poo@grafite, mode:FULL, rate:0, size:84
2025-10-26 00:07:56, EXEC, v:1, k:poo@grafite, mode:FULL, rate:0, size:84
2025-10-26 00:08:18, EXEC, v:1, k:poo@grafite, mode:FULL, rate:0, size:84
2025-10-26 00:11:04, EXEC, v:1, k:poo@grafite, mode:FULL, rate:10, size:81
2025-10-26 00:11:49, EXEC, v:1, k:poo@grafite, mode:FULL, rate:30, size:80
2025-10-26 00:12:03, MOVE, v:1, k:poo@grafite, mode:BACK
2025-10-26 00:12:46, MOVE, v:1, k:poo@grafite, mode:PICK
2025-10-26 00:12:50, EXEC, v:1, k:poo@grafite, mode:FULL, rate:30, size:77
2025-10-26 00:14:11, EXEC, v:1, k:poo@grafite, mode:FULL, rate:30, size:79
2025-10-26 00:14:38, EXEC, v:1, k:poo@grafite, mode:FULL, rate:40, size:80
2025-10-26 00:15:45, EXEC, v:1, k:poo@grafite, mode:FULL, rate:40, size:86
2025-10-26 00:16:15, EXEC, v:1, k:poo@grafite, mode:FULL, rate:60, size:88
2025-10-26 00:18:23, EXEC, v:1, k:poo@grafite, mode:FULL, rate:60, size:95
2025-10-26 00:18:36, EXEC, v:1, k:poo@grafite, mode:FULL, rate:70, size:95
2025-10-26 11:33:21, MOVE, v:1, k:poo@grafite, mode:PICK
2025-10-26 11:33:30, EXEC, v:1, k:poo@grafite, mode:FULL, rate:70
2025-10-26 19:36:08, MOVE, v:1, k:poo@grafite, mode:PICK
2025-10-26 19:36:12, EXEC, v:1, k:poo@grafite, mode:FULL, rate:70, size:111
2025-10-26 19:38:50, EXEC, v:1, k:poo@grafite, mode:FULL, rate:70, size:114
2025-10-26 19:39:12, EXEC, v:1, k:poo@grafite, mode:FULL, rate:70, size:114
2025-10-26 19:41:01, EXEC, v:1, k:poo@grafite, mode:FULL, rate:60, size:116
2025-10-26 19:49:56, EXEC, v:1, k:poo@grafite, mode:FULL, rate:60, size:119
2025-10-26 19:53:20, EXEC, v:1, k:poo@grafite, mode:FULL, rate:60, size:123
2025-10-26 19:59:20, EXEC, v:1, k:poo@grafite, mode:FULL, rate:80, size:123
2025-10-26 20:02:52, EXEC, v:1, k:poo@grafite, mode:FULL, rate:80, size:125
2025-10-26 20:04:29, EXEC, v:1, k:poo@grafite, mode:FULL, rate:80, size:125
2025-10-26 20:08:51, MOVE, v:1, k:poo@grafite, mode:PICK
2025-10-26 20:08:54, EXEC, v:1, k:poo@grafite, mode:FULL, rate:80, size:121
2025-10-26 20:09:30, EXEC, v:1, k:poo@grafite, mode:FULL, rate:90, size:119
2025-10-26 20:10:45, EXEC, v:1, k:poo@grafite, mode:FULL, rate:90, size:120
2025-10-26 20:14:32, EXEC, v:1, k:poo@grafite, mode:FULL, rate:70, size:126
2025-10-26 20:18:23, EXEC, v:1, k:poo@grafite, mode:FULL, rate:70, size:128
2025-10-26 20:20:06, MOVE, v:1, k:poo@grafite, mode:BACK
2025-10-26 20:20:13, MOVE, v:1, k:poo@grafite, mode:PICK
2025-10-26 20:20:16, EXEC, v:1, k:poo@grafite, mode:FULL, rate:70
2025-10-26 20:20:54, EXEC, v:1, k:poo@grafite, mode:FULL, rate:90, size:130
2025-10-26 20:21:29, EXEC, v:1, k:poo@grafite, mode:FULL, rate:100, size:130
2025-10-26 20:27:13, MOVE, v:1, k:poo@grafite, mode:BACK
2025-10-26 20:28:07, SELF, v:1, k:poo@motoca, rate:100, human:ism, alone:6
2025-10-26 20:28:09, MOVE, v:1, k:poo@motoca, mode:PICK
2025-10-26 20:28:10, EXEC, v:1, k:poo@motoca, mode:FULL, rate:0, size:103
2025-10-26 20:28:17, EXEC, v:1, k:poo@motoca, mode:FULL, rate:100, size:103
2025-10-26 20:28:17, MOVE, v:1, k:poo@motoca, mode:BACK
2025-10-26 20:28:19, MOVE, v:1, k:poo@motouber, mode:PICK
2025-10-26 20:28:21, EXEC, v:1, k:poo@motouber, mode:FULL, rate:100, size:106
2025-10-26 20:28:22, MOVE, v:1, k:poo@motouber, mode:BACK
2025-10-26 20:28:26, MOVE, v:1, k:poo@grafite, mode:PICK
2025-10-26 20:28:29, EXEC, v:1, k:poo@grafite, mode:FULL, rate:100, size:125
2025-10-26 20:28:30, MOVE, v:1, k:poo@grafite, mode:BACK
