2025-10-27 19:43:27, MOVE, v:1, k:poo@motouber, mode:PICK
2025-10-27 19:43:30, EXEC, v:1, k:poo@motouber, mode:FULL, rate:100
2025-10-27 19:43:31, MOVE, v:1, k:poo@motouber, mode:BACK
2025-10-27 19:43:32, MOVE, v:1, k:poo@grafite, mode:PICK
2025-10-27 19:43:34, EXEC, v:1, k:poo@grafite, mode:FULL, rate:100
2025-10-27 19:43:35, MOVE, v:1, k:poo@grafite, mode:BACK
2025-10-27 19:43:37, MOVE, v:1, k:poo@motoca, mode:PICK
2025-10-27 19:43:42, EXEC, v:1, k:poo@motoca, mode:FULL, rate:100
2025-10-27 19:43:43, MOVE, v:1, k:poo@motoca, mode:BACK
2025-10-27 19:44:52, SELF, v:1, k:poo@motoca, rate:100, human:sim, alone:6, study:180
2025-10-27 19:45:47, SELF, v:1, k:poo@grafite, rate:100, human:sim, iagen:sim, alone:4, study:300
2025-10-27 19:45:52, MOVE, v:1, k:poo@motouber, mode:PICK
2025-10-27 19:45:53, MOVE, v:1, k:poo@motouber, mode:BACK
2025-10-27 19:46:37, SELF, v:1, k:poo@motouber, rate:100, human:sim, iagen:sim, guide:sim, alone:7, study:240
2025-10-27 19:46:44, MOVE, v:1, k:poo@grafite, mode:PICK
2025-10-27 19:46:45, MOVE, v:1, k:poo@grafite, mode:BACK
2025-10-27 19:46:50, SELF, v:1, k:poo@grafite, rate:100, human:sim, iagen:sim, alone:5, study:300
2025-10-27 19:46:54, SELF, v:1, k:poo@motouber, rate:100, human:sim, iagen:sim, guide:sim, alone:7, study:240
2025-10-27 19:46:57, SELF, v:1, k:poo@motoca, rate:100, human:sim, alone:6, study:180
2025-10-27 19:47:03, MOVE, v:1, k:poo@charger, mode:PICK
2025-10-27 19:47:08, EXEC, v:1, k:poo@charger, mode:FULL, rate:0, size:0
