2025-10-25 19:25:25, MOVE, v:1, k:poo@charger, mode:DOWN
2025-10-25 19:28:21, MOVE, v:1, k:poo@grafite, mode:PICK
2025-10-25 19:28:25, EXEC, v:1, k:poo@grafite, mode:FULL, rate:0
2025-10-25 20:10:29, EXEC, v:1, k:poo@grafite, mode:FULL, rate:0, size:31
2025-10-25 20:10:44, EXEC, v:1, k:poo@grafite, mode:FULL, rate:0, size:33
2025-10-25 20:18:20, EXEC, v:1, k:poo@grafite, mode:FULL, rate:0, size:37
2025-10-25 20:18:28, EXEC, v:1, k:poo@grafite, mode:FULL, rate:0, size:37
2025-10-25 20:18:42, EXEC, v:1, k:poo@grafite, mode:FULL, rate:0, size:37
2025-10-25 20:20:24, EXEC, v:1, k:poo@grafite, mode:FULL, rate:0, size:40
2025-10-25 20:21:05, EXEC, v:1, k:poo@grafite, mode:FULL, rate:0, size:40
2025-10-25 20:21:18, EXEC, v:1, k:poo@grafite, mode:FULL, rate:0, size:40
2025-10-25 20:26:51, EXEC, v:1, k:poo@grafite, mode:FULL, rate:0, size:42
2025-10-25 20:29:25, EXEC, v:1, k:poo@grafite, mode:FULL, rate:0, size:45
2025-10-25 20:29:48, EXEC, v:1, k:poo@grafite, mode:FULL, rate:0, size:45
2025-10-25 20:31:15, EXEC, v:1, k:poo@grafite, mode:FULL, rate:0, size:45
2025-10-25 21:44:25, EXEC, v:1, k:poo@grafite, mode:FULL, rate:0
2025-10-25 21:44:40, EXEC, v:1, k:poo@grafite, mode:FULL, rate:0, size:45
2025-10-25 21:44:52, EXEC, v:1, k:poo@grafite, mode:FULL, rate:10, size:44
2025-10-25 21:48:20, EXEC, v:1, k:poo@grafite, mode:FULL, rate:0, size:46
2025-10-25 21:48:44, EXEC, v:1, k:poo@grafite, mode:FULL, rate:10, size:46
2025-10-25 22:19:44, EXEC, v:1, k:poo@grafite, mode:FULL, rate:0, size:54
2025-10-25 22:21:18, EXEC, v:1, k:poo@grafite, mode:FULL, rate:10, size:55
2025-10-25 22:24:00, EXEC, v:1, k:poo@grafite, mode:FULL, rate:10, size:60
2025-10-25 22:32:17, EXEC, v:1, k:poo@grafite, mode:FULL, rate:0, size:61
2025-10-25 22:32:30, EXEC, v:1, k:poo@grafite, mode:FULL, rate:10, size:61
2025-10-25 22:33:12, EXEC, v:1, k:poo@grafite, mode:FULL, rate:10, size:61
2025-10-25 22:36:41, EXEC, v:1, k:poo@grafite, mode:FULL, rate:0, size:61
2025-10-25 22:38:34, EXEC, v:1, k:poo@grafite, mode:FULL, rate:10, size:61
2025-10-25 22:38:54, EXEC, v:1, k:poo@grafite, mode:FULL, rate:10, size:61
2025-10-25 22:42:27, EXEC, v:1, k:poo@grafite, mode:FULL, rate:10, size:62
2025-10-25 22:46:45, EXEC, v:1, k:poo@grafite, mode:FULL, rate:10, size:70
2025-10-25 22:47:13, EXEC, v:1, k:poo@grafite, mode:FULL, rate:10, size:70
2025-10-25 22:48:10, EXEC, v:1, k:poo@grafite, mode:FULL, rate:10, size:70
2025-10-25 22:48:24, EXEC, v:1, k:poo@grafite, mode:FULL, rate:10, size:70
2025-10-25 22:49:08, EXEC, v:1, k:poo@grafite, mode:FULL, rate:0, size:70
2025-10-25 22:49:26, EXEC, v:1, k:poo@grafite, mode:FULL, rate:0, size:70
2025-10-25 22:49:39, EXEC, v:1, k:poo@grafite, mode:FULL, rate:0, size:70
2025-10-25 22:50:04, EXEC, v:1, k:poo@grafite, mode:FULL, rate:0, size:70
2025-10-25 22:50:20, EXEC, v:1, k:poo@grafite, mode:FULL, rate:10, size:70
2025-10-25 22:54:35, EXEC, v:1, k:poo@grafite, mode:FULL, rate:10, size:74
2025-10-25 23:25:19, EXEC, v:1, k:poo@grafite, mode:FULL, rate:10, size:74
2025-10-25 23:26:10, EXEC, v:1, k:poo@grafite, mode:FULL, rate:10, size:74
2025-10-25 23:27:10, EXEC, v:1, k:poo@grafite, mode:FULL, rate:10, size:74
2025-10-25 23:27:33, EXEC, v:1, k:poo@grafite, mode:FULL, rate:10, size:74
2025-10-25 23:27:55, EXEC, v:1, k:poo@grafite, mode:FULL, rate:0, size:75
2025-10-25 23:28:09, EXEC, v:1, k:poo@grafite, mode:FULL, rate:0, size:75
2025-10-25 23:29:01, EXEC, v:1, k:poo@grafite, mode:FULL, rate:10, size:75
2025-10-25 23:29:24, EXEC, v:1, k:poo@grafite, mode:FULL, rate:0, size:75
2025-10-25 23:30:00, EXEC, v:1, k:poo@grafite, mode:FULL, rate:10, size:75
2025-10-25 23:32:40, EXEC, v:1, k:poo@grafite, mode:FULL, rate:10, size:85
2025-10-25 23:34:39, EXEC, v:1, k:poo@grafite, mode:FULL, rate:10, size:82
2025-10-25 23:35:11, EXEC, v:1, k:poo@grafite, mode:FULL, rate:10, size:79
2025-10-25 23:43:53, EXEC, v:1, k:poo@grafite, mode:FULL, rate:0, size:79
2025-10-25 23:44:52, EXEC, v:1, k:poo@grafite, mode:FULL, rate:0, size:82
2025-10-25 23:45:34, EXEC, v:1, k:poo@grafite, mode:FULL, rate:10, size:82
2025-10-25 23:46:18, MOVE, v:1, k:poo@grafite, mode:BACK
2025-10-25 23:46:24, MOVE, v:1, k:poo@grafite, mode:PICK
2025-10-25 23:46:27, EXEC, v:1, k:poo@grafite, mode:FULL, rate:10
2025-10-25 23:48:18, EXEC, v:1, k:poo@grafite, mode:FULL, rate:0, size:82
2025-10-25 23:49:14, EXEC, v:1, k:poo@grafite, mode:FULL, rate:0, size:79
2025-10-25 23:49:34, EXEC, v:1, k:poo@grafite, mode:FULL, rate:10, size:79
2025-10-25 23:50:55, EXEC, v:1, k:poo@grafite, mode:FULL, rate:0, size:85
2025-10-25 23:51:31, EXEC, v:1, k:poo@grafite, mode:FULL, rate:10, size:82
2025-10-25 23:59:14, EXEC, v:1, k:poo@grafite, mode:FULL, rate:10, size:83
2025-10-25 23:59:33, EXEC, v:1, k:poo@grafite, mode:FULL, rate:10, size:83
