2025-10-20 15:40:11, MOVE, v:1, k:poo@motoca, mode:DOWN
2025-10-20 15:41:12, MOVE, v:1, k:poo@motoca, mode:PICK
2025-10-20 15:41:16, EXEC, v:1, k:poo@motoca, mode:FULL, rate:0, size:0
2025-10-20 15:51:21, EXEC, v:1, k:poo@motoca, mode:FULL, rate:0, size:24
2025-10-20 15:51:43, EXEC, v:1, k:poo@motoca, mode:FULL, rate:0, size:24
2025-10-20 15:53:52, MOVE, v:1, k:poo@motoca, mode:BACK
2025-10-20 15:53:56, MOVE, v:1, k:poo@motoca, mode:PICK
2025-10-20 15:54:00, EXEC, v:1, k:poo@motoca, mode:FULL, rate:0, size:29
2025-10-20 15:54:24, EXEC, v:1, k:poo@motoca, mode:FULL, rate:0, size:29
2025-10-20 15:54:53, EXEC, v:1, k:poo@motoca, mode:FULL, rate:0, size:29
2025-10-20 15:55:22, EXEC, v:1, k:poo@motoca, mode:FULL, rate:0, size:29
2025-10-20 15:55:43, EXEC, v:1, k:poo@motoca, mode:FULL, rate:0, size:29
2025-10-20 15:56:10, EXEC, v:1, k:poo@motoca, mode:FULL, rate:0, size:29
2025-10-20 15:57:49, EXEC, v:1, k:poo@motoca, mode:FULL, rate:0, size:29
2025-10-20 15:58:00, EXEC, v:1, k:poo@motoca, mode:FULL, rate:0, size:29
2025-10-20 16:03:47, EXEC, v:1, k:poo@motoca, mode:FULL, rate:0, size:33
2025-10-20 16:04:14, EXEC, v:1, k:poo@motoca, mode:FULL, rate:0, size:33
2025-10-20 16:04:50, EXEC, v:1, k:poo@motoca, mode:FULL, rate:0, size:33
2025-10-20 16:05:07, EXEC, v:1, k:poo@motoca, mode:FULL, rate:0, size:33
2025-10-20 16:07:37, EXEC, v:1, k:poo@motoca, mode:FULL, rate:0, size:33
2025-10-20 16:08:22, EXEC, v:1, k:poo@motoca, mode:FULL, rate:0, size:33
2025-10-20 16:09:02, EXEC, v:1, k:poo@motoca, mode:FULL, rate:0, size:33
2025-10-20 16:09:49, EXEC, v:1, k:poo@motoca, mode:FULL, rate:0, size:33
2025-10-20 16:10:36, EXEC, v:1, k:poo@motoca, mode:FULL, rate:0, size:34
2025-10-20 16:10:47, EXEC, v:1, k:poo@motoca, mode:FULL, rate:0, size:34
2025-10-20 16:10:53, EXEC, v:1, k:poo@motoca, mode:FULL, rate:6, size:34
2025-10-20 16:12:03, EXEC, v:1, k:poo@motoca, mode:FULL, rate:0, size:34
2025-10-20 16:12:19, EXEC, v:1, k:poo@motoca, mode:FULL, rate:0, size:35
2025-10-20 16:12:33, EXEC, v:1, k:poo@motoca, mode:FULL, rate:0, size:39
2025-10-20 16:12:47, EXEC, v:1, k:poo@motoca, mode:FULL, rate:6, size:34
2025-10-20 16:18:07, EXEC, v:1, k:poo@motoca, mode:FULL, rate:6, size:41
2025-10-20 16:18:22, EXEC, v:1, k:poo@motoca, mode:FULL, rate:6, size:42
2025-10-20 16:18:51, EXEC, v:1, k:poo@motoca, mode:FULL, rate:6, size:42
2025-10-20 16:19:31, EXEC, v:1, k:poo@motoca, mode:FULL, rate:6, size:42
2025-10-20 16:19:53, EXEC, v:1, k:poo@motoca, mode:FULL, rate:13, size:42
2025-10-20 16:21:29, EXEC, v:1, k:poo@motoca, mode:FULL, rate:6, size:46
2025-10-20 16:22:13, EXEC, v:1, k:poo@motoca, mode:FULL, rate:6, size:46
2025-10-20 16:23:07, EXEC, v:1, k:poo@motoca, mode:FULL, rate:13, size:45
2025-10-20 16:23:35, EXEC, v:1, k:poo@motoca, mode:FULL, rate:6, size:45
2025-10-20 16:23:53, EXEC, v:1, k:poo@motoca, mode:FULL, rate:6, size:46
2025-10-20 16:24:21, EXEC, v:1, k:poo@motoca, mode:FULL, rate:6, size:46
2025-10-20 16:25:02, EXEC, v:1, k:poo@motoca, mode:FULL, rate:6, size:47
2025-10-20 16:25:59, EXEC, v:1, k:poo@motoca, mode:FULL, rate:6, size:46
2025-10-20 16:26:10, EXEC, v:1, k:poo@motoca, mode:FULL, rate:13, size:43
2025-10-20 16:28:17, EXEC, v:1, k:poo@motoca, mode:FULL, rate:6, size:47
2025-10-20 16:28:51, EXEC, v:1, k:poo@motoca, mode:FULL, rate:13, size:45
2025-10-20 16:32:51, EXEC, v:1, k:poo@motoca, mode:FULL, rate:6, size:45
2025-10-20 16:33:30, EXEC, v:1, k:poo@motoca, mode:FULL, rate:6, size:45
2025-10-20 16:33:56, EXEC, v:1, k:poo@motoca, mode:FULL, rate:6, size:44
2025-10-20 16:34:38, EXEC, v:1, k:poo@motoca, mode:FULL, rate:6, size:42
2025-10-20 16:35:23, EXEC, v:1, k:poo@motoca, mode:FULL, rate:0, size:42
2025-10-20 16:35:35, EXEC, v:1, k:poo@motoca, mode:FULL, rate:6, size:42
2025-10-20 16:35:40, MOVE, v:1, k:poo@motoca, mode:BACK
2025-10-20 16:35:43, MOVE, v:1, k:poo@motoca, mode:PICK
2025-10-20 16:35:47, EXEC, v:1, k:poo@motoca, mode:FULL, rate:6
2025-10-20 16:41:10, EXEC, v:1, k:poo@motoca, mode:FULL, rate:6, size:43
2025-10-20 16:42:39, EXEC, v:1, k:poo@motoca, mode:FULL, rate:6, size:44
2025-10-20 16:43:03, EXEC, v:1, k:poo@motoca, mode:FULL, rate:6, size:44
2025-10-20 16:43:20, EXEC, v:1, k:poo@motoca, mode:FULL, rate:6, size:44
2025-10-20 16:43:50, EXEC, v:1, k:poo@motoca, mode:FULL, rate:6, size:43
2025-10-20 16:44:17, EXEC, v:1, k:poo@motoca, mode:FULL, rate:6, size:46
2025-10-20 16:44:49, EXEC, v:1, k:poo@motoca, mode:FULL, rate:13, size:45
2025-10-20 16:49:51, EXEC, v:1, k:poo@motoca, mode:FULL, rate:6, size:47
2025-10-20 16:51:06, EXEC, v:1, k:poo@motoca, mode:FULL, rate:6
2025-10-20 16:52:09, EXEC, v:1, k:poo@motoca, mode:FULL, rate:20, size:50
2025-10-20 16:55:57, EXEC, v:1, k:poo@motoca, mode:FULL, rate:33, size:55
2025-10-20 16:59:31, EXEC, v:1, k:poo@motoca, mode:FULL, rate:33, size:66
2025-10-20 17:00:08, EXEC, v:1, k:poo@motoca, mode:FULL, rate:33, size:66
2025-10-20 17:00:36, EXEC, v:1, k:poo@motoca, mode:FULL, rate:33, size:66
2025-10-20 17:00:57, EXEC, v:1, k:poo@motoca, mode:FULL, rate:33, size:66
2025-10-20 17:01:14, EXEC, v:1, k:poo@motoca, mode:FULL, rate:53, size:66
2025-10-20 17:02:42, EXEC, v:1, k:poo@motoca, mode:FULL, rate:53, size:73
2025-10-20 17:03:27, EXEC, v:1, k:poo@motoca, mode:FULL, rate:53, size:73
2025-10-20 17:03:45, EXEC, v:1, k:poo@motoca, mode:FULL, rate:53, size:73
2025-10-20 17:05:56, EXEC, v:1, k:poo@motoca, mode:FULL, rate:53, size:76
2025-10-20 17:06:30, EXEC, v:1, k:poo@motoca, mode:FULL, rate:53, size:73
2025-10-20 17:10:17, EXEC, v:1, k:poo@motoca, mode:FULL, rate:53, size:73
2025-10-20 17:11:00, EXEC, v:1, k:poo@motoca, mode:FULL, rate:60, size:73
2025-10-20 17:11:19, MOVE, v:1, k:poo@motoca, mode:BACK
2025-10-20 20:25:39, MOVE, v:1, k:poo@motoca, mode:PICK
2025-10-20 20:25:44, EXEC, v:1, k:poo@motoca, mode:FULL, rate:60
2025-10-20 20:31:04, EXEC, v:1, k:poo@motoca, mode:FULL, rate:66, size:82
2025-10-20 21:06:20, EXEC, v:1, k:poo@motoca, mode:FULL, rate:66, size:85
2025-10-20 21:06:35, EXEC, v:1, k:poo@motoca, mode:FULL, rate:73, size:85
2025-10-20 21:07:29, EXEC, v:1, k:poo@motoca, mode:FULL, rate:73, size:86
2025-10-20 21:07:51, EXEC, v:1, k:poo@motoca, mode:FULL, rate:80, size:86
2025-10-20 21:10:46, EXEC, v:1, k:poo@motoca, mode:FULL, rate:73, size:88
2025-10-20 21:11:05, EXEC, v:1, k:poo@motoca, mode:FULL, rate:73, size:88
2025-10-20 21:22:24, EXEC, v:1, k:poo@motoca, mode:FULL, rate:80, size:84
2025-10-20 21:23:21, EXEC, v:1, k:poo@motoca, mode:FULL, rate:73, size:86
2025-10-20 21:28:19, EXEC, v:1, k:poo@motoca, mode:FULL, rate:73, size:92
2025-10-20 21:28:52, EXEC, v:1, k:poo@motoca, mode:FULL, rate:73, size:92
2025-10-20 21:29:18, EXEC, v:1, k:poo@motoca, mode:FULL, rate:80, size:92
2025-10-20 21:29:40, EXEC, v:1, k:poo@motoca, mode:FULL, rate:86, size:93
2025-10-20 21:31:19, EXEC, v:1, k:poo@motoca, mode:FULL, rate:73, size:96
2025-10-20 21:31:33, EXEC, v:1, k:poo@motoca, mode:FULL, rate:93, size:97
2025-10-20 21:34:58, EXEC, v:1, k:poo@motoca, mode:FULL, rate:93, size:105
2025-10-20 21:36:04, EXEC, v:1, k:poo@motoca, mode:FULL, rate:93, size:103
2025-10-20 21:37:06, EXEC, v:1, k:poo@motoca, mode:FULL, rate:93, size:103
2025-10-20 21:38:04, EXEC, v:1, k:poo@motoca, mode:FULL, rate:100, size:103
2025-10-20 22:06:23, EXEC, v:1, k:poo@motoca, mode:FULL, rate:100
2025-10-20 22:06:24, MOVE, v:1, k:poo@motoca, mode:BACK
